// Jest Snapshot v1, https://goo.gl/fbAQLP

exports[`[Component] Button renders correctly 1`] = `
<View
  onLayout={[Function]}
  onTouchCancel={[Function]}
  onTouchEnd={[Function]}
  onTouchStart={[Function]}
  pointerEvents="box-only"
  style={
    [
      {
        "alignItems": "center",
        "display": "flex",
        "flexDirection": "row",
        "height": 56,
        "justifyContent": "center",
        "overflow": "hidden",
        "paddingHorizontal": 24,
      },
      {
        "backgroundColor": "#00000000",
        "borderRadius": 12,
        "justifyContent": "center",
        "opacity": 1,
      },
      {},
      null,
    ]
  }
  testID="button"
>
  <View
    accessibilityState={
      {
        "busy": undefined,
        "checked": undefined,
        "disabled": true,
        "expanded": undefined,
        "selected": undefined,
      }
    }
    accessibilityValue={
      {
        "max": undefined,
        "min": undefined,
        "now": undefined,
        "text": undefined,
      }
    }
    accessible={true}
    collapsable={false}
    focusable={true}
    onClick={[Function]}
    onResponderGrant={[Function]}
    onResponderMove={[Function]}
    onResponderRelease={[Function]}
    onResponderTerminate={[Function]}
    onResponderTerminationRequest={[Function]}
    onStartShouldSetResponder={[Function]}
    style={
      {
        "opacity": 1,
      }
    }
  >
    <Text
      onLayout={[Function]}
      style={
        [
          {
            "fontFamily": "Hind Vadodara",
            "margin": 0,
            "padding": 0,
            "textAlign": "center",
          },
          {
            "color": "#ECECEC",
            "fontSize": 16,
            "fontWeight": "normal",
          },
          {
            "textTransform": "uppercase",
          },
        ]
      }
    >
      Test
    </Text>
  </View>
  <View
    collapsable={false}
    style={
      {
        "aspectRatio": 1,
        "backgroundColor": "#000000",
        "borderRadius": 0,
        "left": 0,
        "opacity": 0,
        "position": "absolute",
        "top": 0,
        "transform": [
          {
            "scale": 0,
          },
        ],
        "width": 0,
      }
    }
  />
</View>
`;
