// Jest Snapshot v1, https://goo.gl/fbAQLP

exports[`[Component] Input should render correctly 1`] = `
<View
  style={
    [
      {
        "elevation": 1010,
        "width": "100%",
        "zIndex": 1010,
      },
      {},
    ]
  }
>
  <View
    accessibilityRole="button"
    accessibilityState={
      {
        "disabled": false,
      }
    }
    accessible={true}
    borderColor="automatic"
    collapsable={false}
    fontColor="automatic"
    onLayout={[Function]}
    onTouchCancel={[Function]}
    onTouchEnd={[Function]}
    onTouchMove={[Function]}
    onTouchStart={[Function]}
    pointerEvents="auto"
    style={
      [
        {
          "backgroundColor": "transparent",
          "borderRadius": 8,
          "overflow": "hidden",
          "paddingHorizontal": 24,
          "paddingVertical": 16,
          "width": "100%",
        },
        {
          "borderRadius": 6,
          "bottom": 2,
          "elevation": 800,
          "height": "auto",
          "left": 2,
          "position": "absolute",
          "right": 2,
          "top": 2,
          "width": "auto",
          "zIndex": 800,
        },
        null,
      ]
    }
    testID="combobox-button"
    throttleTime={250}
  >
    <View
      style={
        [
          {
            "bottom": 0,
            "left": 0,
            "position": "absolute",
            "right": 0,
            "top": 0,
          },
          {},
          {
            "backgroundColor": "#00000000",
          },
        ]
      }
    />
    <View
      pointerEvents="none"
      style={
        [
          {
            "alignItems": "center",
            "flexDirection": "row",
            "flexWrap": "wrap",
            "justifyContent": "center",
          },
          {
            "justifyContent": "center",
            "opacity": 1,
          },
          {},
        ]
      }
    />
    <View
      collapsable={false}
      pointerEvents="none"
      style={
        {
          "aspectRatio": 1,
          "backgroundColor": "#FFFFFF",
          "borderRadius": 0,
          "left": 0,
          "opacity": 0,
          "position": "absolute",
          "top": 0,
          "transform": [
            {
              "translateX": 0,
            },
            {
              "translateY": 0,
            },
            {
              "scale": 0,
            },
          ],
          "width": 3,
        }
      }
    />
  </View>
  <View
    collapsable={false}
    onLayout={[Function]}
    pointerEvents="none"
    style={
      [
        {
          "borderRadius": 8,
          "width": "100%",
        },
        {
          "backgroundColor": "#00000000",
          "borderColor": "#D0D0D0",
          "borderWidth": 1.2,
          "opacity": 1,
          "paddingRight": 0,
        },
        {},
      ]
    }
  >
    <View
      collapsable={false}
      style={
        {
          "backgroundColor": "#0E1247",
          "height": 3,
          "left": 6,
          "position": "absolute",
          "top": -2,
          "transform": [
            {
              "scaleX": 0,
            },
          ],
          "width": 0,
        }
      }
    />
    <View
      collapsable={false}
      pointerEvents="none"
      style={
        {
          "alignItems": "center",
          "display": "flex",
          "justifyContent": "center",
          "left": 0,
          "overflow": "scroll",
          "paddingHorizontal": 4,
          "position": "absolute",
          "top": 0,
          "transform": [
            {
              "translateX": -0,
            },
            {
              "translateY": -0,
            },
            {
              "scale": 1,
            },
            {
              "translateX": 0,
            },
            {
              "translateY": 0,
            },
            {
              "translateX": 16,
            },
            {
              "translateY": -2,
            },
          ],
        }
      }
    >
      <Text
        onLayout={[Function]}
        style={
          [
            {
              "fontFamily": "Hind Vadodara",
              "margin": 0,
              "padding": 0,
              "textAlign": "center",
            },
            {
              "color": "#ECECEC",
              "fontSize": 16,
            },
            {},
          ]
        }
      >
        Title
      </Text>
    </View>
    <TextInput
      autoComplete="off"
      autoCorrect={false}
      onBlur={[Function]}
      onFocus={[Function]}
      onSubmitEditing={[Function]}
      placeholderTextColor="#B0B0B0"
      selectionColor="white"
      style={
        [
          {
            "fontSize": 18,
            "maxHeight": 256,
            "minHeight": 12,
            "paddingHorizontal": 24,
            "paddingVertical": 16,
          },
          {
            "verticalAlign": "middle",
          },
          {
            "color": "#ECECEC",
          },
          {},
        ]
      }
      testID="textInput"
      textContentType="none"
      value=""
    />
  </View>
  <View
    pointerEvents="none"
    style={
      {
        "bottom": 0,
        "justifyContent": "center",
        "position": "absolute",
        "right": 12,
        "top": 0,
      }
    }
  >
    <View
      collapsable={false}
      style={
        {
          "transform": [
            {
              "rotateX": "0deg",
            },
          ],
        }
      }
    >
      <View
        style={
          [
            {
              "height": 20,
              "width": 20,
            },
            {},
          ]
        }
      >
        <RNSVGSvgView
          align="xMidYMid"
          bbHeight={20}
          bbWidth={20}
          color="#999EB5"
          fill="#999EB5"
          focusable={false}
          height={20}
          meetOrSlice={0}
          minX={0}
          minY={0}
          style={
            [
              {
                "backgroundColor": "transparent",
                "borderWidth": 0,
              },
              {
                "flex": 0,
                "height": 20,
                "width": 20,
              },
            ]
          }
          transform={
            [
              {
                "rotate": -1.5707963267948966,
              },
            ]
          }
          vbHeight={185.343}
          vbWidth={185.343}
          width={20}
        >
          <RNSVGGroup
            fill={
              {
                "payload": 4288257717,
                "type": 0,
              }
            }
            propList={
              [
                "fill",
              ]
            }
          >
            <RNSVGPath
              d="M51.707 185.343a10.692 10.692 0 0 1-7.593-3.149 10.724 10.724 0 0 1 0-15.175l74.352-74.347L44.114 18.32c-4.194-4.194-4.194-10.987 0-15.175 4.194-4.194 10.987-4.194 15.18 0l81.934 81.934c4.194 4.194 4.194 10.987 0 15.175l-81.934 81.939a10.678 10.678 0 0 1-7.587 3.15z"
              fill={
                {
                  "payload": 4278190080,
                  "type": 0,
                }
              }
            />
          </RNSVGGroup>
        </RNSVGSvgView>
      </View>
    </View>
  </View>
</View>
`;
