// Jest Snapshot v1, https://goo.gl/fbAQLP

exports[`[Component] Input should render correctly 1`] = `
[
  <View
    onLayout={[Function]}
    style={
      [
        {
          "width": "100%",
        },
        {},
      ]
    }
  >
    <View
      collapsable={false}
      onLayout={[Function]}
      pointerEvents="none"
      style={
        {
          "backgroundColor": "#0E1247",
          "borderColor": "#808080",
          "borderRadius": 4,
          "borderWidth": 1.2,
          "opacity": 1,
          "width": "100%",
        }
      }
    >
      <View
        collapsable={false}
        style={
          {
            "backgroundColor": "#0E1247",
            "height": 3,
            "left": 6,
            "position": "absolute",
            "top": -2,
            "transform": [
              {
                "scaleX": 0,
              },
            ],
            "width": 0,
          }
        }
      />
      <View
        collapsable={false}
        pointerEvents="none"
        style={
          {
            "alignItems": "center",
            "display": "flex",
            "justifyContent": "center",
            "left": 0,
            "overflow": "scroll",
            "paddingHorizontal": 4,
            "position": "absolute",
            "top": 0,
            "transform": [
              {
                "translateX": -0,
              },
              {
                "translateY": -0,
              },
              {
                "scale": 1,
              },
              {
                "translateX": 0,
              },
              {
                "translateY": 0,
              },
              {
                "translateX": 16,
              },
              {
                "translateY": -2,
              },
            ],
          }
        }
      >
        <View
          accessibilityState={
            {
              "busy": undefined,
              "checked": undefined,
              "disabled": true,
              "expanded": undefined,
              "selected": undefined,
            }
          }
          accessibilityValue={
            {
              "max": undefined,
              "min": undefined,
              "now": undefined,
              "text": undefined,
            }
          }
          accessible={true}
          collapsable={false}
          focusable={true}
          onClick={[Function]}
          onResponderGrant={[Function]}
          onResponderMove={[Function]}
          onResponderRelease={[Function]}
          onResponderTerminate={[Function]}
          onResponderTerminationRequest={[Function]}
          onStartShouldSetResponder={[Function]}
          style={
            {
              "opacity": 1,
            }
          }
        >
          <Text
            onLayout={[Function]}
            style={
              [
                {
                  "fontFamily": "Hind Vadodara",
                  "margin": 0,
                  "padding": 0,
                  "textAlign": "center",
                },
                {
                  "color": "#ECECEC",
                  "fontSize": 16,
                  "fontWeight": "normal",
                },
                {},
              ]
            }
          >
            Title
          </Text>
        </View>
      </View>
      <TextInput
        autoCompleteType="off"
        autoCorrect={false}
        maxLength={null}
        multiline={false}
        onBlur={[Function]}
        onChangeText={[Function]}
        onFocus={[Function]}
        onSubmitEditing={[Function]}
        selectionColor="#808080"
        style={
          [
            {
              "color": "#FFFFFF",
              "maxHeight": 256,
              "paddingHorizontal": 12,
            },
            {
              "height": 56,
            },
          ]
        }
        testID="textInput"
        textContentType="none"
        value=""
      />
    </View>
    <View
      pointerEvents="none"
      style={
        {
          "bottom": 0,
          "justifyContent": "center",
          "position": "absolute",
          "right": 12,
          "top": 0,
        }
      }
    >
      <View
        collapsable={false}
        style={
          {
            "transform": [
              {
                "rotateX": "0deg",
              },
            ],
          }
        }
      >
        <View
          style={
            [
              {
                "height": 20,
                "width": 20,
              },
              {},
            ]
          }
        >
          <RNSVGSvgView
            align="xMidYMid"
            bbHeight={20}
            bbWidth={20}
            collapsable={false}
            color={4294967295}
            focusable={false}
            height={20}
            meetOrSlice={0}
            minX={0}
            minY={0}
            style={
              [
                {
                  "backgroundColor": "transparent",
                  "borderWidth": 0,
                },
                {},
                {
                  "flex": 0,
                  "height": 20,
                  "width": 20,
                },
              ]
            }
            tintColor={4294967295}
            transform={
              [
                {
                  "rotate": -1.5707963267948966,
                },
              ]
            }
            vbHeight={185.343}
            vbWidth={185.343}
            width={20}
          >
            <RNSVGGroup
              matrix={
                [
                  1,
                  0,
                  0,
                  1,
                  0,
                  0,
                ]
              }
            >
              <RNSVGPath
                d="M51.707 185.343a10.692 10.692 0 01-7.593-3.149 10.724 10.724 0 010-15.175l74.352-74.347L44.114 18.32c-4.194-4.194-4.194-10.987 0-15.175 4.194-4.194 10.987-4.194 15.18 0l81.934 81.934c4.194 4.194 4.194 10.987 0 15.175l-81.934 81.939a10.678 10.678 0 01-7.587 3.15z"
                fill={4294967295}
                propList={
                  [
                    "fill",
                  ]
                }
              />
            </RNSVGGroup>
          </RNSVGSvgView>
        </View>
      </View>
    </View>
    <View
      onLayout={[Function]}
      onTouchCancel={[Function]}
      onTouchEnd={[Function]}
      onTouchMove={[Function]}
      onTouchStart={[Function]}
      pointerEvents="box-only"
      style={
        [
          {
            "alignItems": "center",
            "display": "flex",
            "flexDirection": "row",
            "height": 56,
            "justifyContent": "center",
            "overflow": "hidden",
            "paddingHorizontal": 24,
          },
          {
            "backgroundColor": "#00000000",
            "borderRadius": 12,
            "justifyContent": "center",
            "opacity": 1,
          },
          {
            "borderRadius": 2,
            "bottom": 2,
            "elevation": 800,
            "height": "auto",
            "left": 2,
            "position": "absolute",
            "right": 2,
            "top": 2,
            "width": "auto",
            "zIndex": 800,
          },
          null,
        ]
      }
      testID="combobox-button"
    >
      <View
        collapsable={false}
        style={
          {
            "aspectRatio": 1,
            "backgroundColor": "#FFFFFF",
            "borderRadius": 0,
            "left": 0,
            "opacity": 0,
            "position": "absolute",
            "top": 0,
            "transform": [
              {
                "scale": 0,
              },
            ],
            "width": 0,
          }
        }
      />
    </View>
  </View>,
  <View
    collapsable={false}
    pointerEvents="none"
    style={
      {
        "backgroundColor": "#222740",
        "borderBottomLeftRadius": 8,
        "borderBottomRightRadius": 8,
        "elevation": 1000,
        "left": 0,
        "maxHeight": 256,
        "opacity": 0,
        "position": "absolute",
        "top": 0,
        "transform": [
          {
            "translateX": 0,
          },
          {
            "translateY": 20,
          },
        ],
        "width": 0,
        "zIndex": 1000,
      }
    }
  >
    <RCTScrollView
      ListHeaderComponent={null}
      data={[]}
      getItem={[Function]}
      getItemCount={[Function]}
      keyExtractor={[Function]}
      onContentSizeChange={[Function]}
      onLayout={[Function]}
      onMomentumScrollBegin={[Function]}
      onMomentumScrollEnd={[Function]}
      onScroll={[Function]}
      onScrollBeginDrag={[Function]}
      onScrollEndDrag={[Function]}
      onTouchMove={[Function]}
      removeClippedSubviews={false}
      renderItem={[Function]}
      scrollEventThrottle={0.0001}
      stickyHeaderIndices={[]}
      viewabilityConfigCallbackPairs={[]}
    >
      <View />
    </RCTScrollView>
  </View>,
]
`;
