// Jest Snapshot v1, https://goo.gl/fbAQLP

exports[`[Component] InputText renders correctly 1`] = `
<View
  collapsable={false}
  onLayout={[Function]}
  style={
    {
      "backgroundColor": "#0E1247",
      "borderColor": "#808080",
      "borderRadius": 4,
      "borderWidth": 1.2,
      "opacity": 1,
      "width": "100%",
    }
  }
>
  <View
    collapsable={false}
    style={
      {
        "backgroundColor": "#0E1247",
        "height": 3,
        "left": 6,
        "position": "absolute",
        "top": -2,
        "transform": [
          {
            "scaleX": 0,
          },
        ],
        "width": 0,
      }
    }
  />
  <View
    collapsable={false}
    pointerEvents="none"
    style={
      {
        "alignItems": "center",
        "display": "flex",
        "justifyContent": "center",
        "left": 0,
        "overflow": "scroll",
        "paddingHorizontal": 4,
        "position": "absolute",
        "top": 0,
        "transform": [
          {
            "translateX": -0,
          },
          {
            "translateY": -0,
          },
          {
            "scale": 1,
          },
          {
            "translateX": 0,
          },
          {
            "translateY": 0,
          },
          {
            "translateX": 16,
          },
          {
            "translateY": -2,
          },
        ],
      }
    }
  >
    <Text
      onLayout={[Function]}
      style={
        [
          {
            "color": "#ECECEC",
            "fontFamily": "Hind Vadodara",
            "fontSize": 16,
            "margin": 0,
            "padding": 0,
            "textAlign": "center",
          },
          {},
        ]
      }
    >
      Default
    </Text>
  </View>
  <TextInput
    autoComplete="off"
    autoCorrect={false}
    onBlur={[Function]}
    onFocus={[Function]}
    onSubmitEditing={[Function]}
    selectionColor="#808080"
    style={
      {
        "color": "#FFFFFF",
        "maxHeight": 256,
        "minHeight": 56,
        "paddingHorizontal": 12,
      }
    }
    testID="textInput"
    textContentType="none"
  />
</View>
`;
